  BinaryTree.cpp
  BinarySearch.cpp
  bubblesort.cpp
  LinkedList.cpp
  listQueue.cpp
E:\Projects\ProgrammingStudy\ProgrammingStudy\ProgrammingStudy\DataStructure\bubblesort.cpp(10,10): error C2039: 'swap': 'std'의 멤버가 아닙니다.
      E:\Projects\ProgrammingStudy\ProgrammingStudy\ProgrammingStudy\predefined C++ types (compiler internal)(357,11):
      'std' 선언을 참조하십시오.
  
E:\Projects\ProgrammingStudy\ProgrammingStudy\ProgrammingStudy\DataStructure\bubblesort.cpp(10,10): error C3861: 'swap': 식별자를 찾을 수 없습니다.
E:\Projects\ProgrammingStudy\ProgrammingStudy\ProgrammingStudy\DataStructure\LinkedList.cpp(18,1): error C2059: 구문 오류: '.'
E:\Projects\ProgrammingStudy\ProgrammingStudy\ProgrammingStudy\DataStructure\LinkedList.cpp(19,16): error C2334: '{' 앞에 예기치 않은 토큰이 있습니다. 명백한 함수 본문을 건너뜁니다.
  selectionsort.cpp
E:\Projects\ProgrammingStudy\ProgrammingStudy\ProgrammingStudy\DataStructure\selectionsort.cpp(18,9): error C2039: 'swap': 'std'의 멤버가 아닙니다.
      E:\Projects\ProgrammingStudy\ProgrammingStudy\ProgrammingStudy\predefined C++ types (compiler internal)(357,11):
      'std' 선언을 참조하십시오.
  
  Stack.cpp
E:\Projects\ProgrammingStudy\ProgrammingStudy\ProgrammingStudy\DataStructure\Stack.cpp(10,15): error C2039: 'invalid_argument': 'std'의 멤버가 아닙니다.
      E:\Projects\ProgrammingStudy\ProgrammingStudy\ProgrammingStudy\predefined C++ types (compiler internal)(357,11):
      'std' 선언을 참조하십시오.
  
E:\Projects\ProgrammingStudy\ProgrammingStudy\ProgrammingStudy\DataStructure\Stack.cpp(10,15): error C3861: 'invalid_argument': 식별자를 찾을 수 없습니다.
E:\Projects\ProgrammingStudy\ProgrammingStudy\ProgrammingStudy\DataStructure\Stack.cpp(35,15): error C2039: 'out_of_range': 'std'의 멤버가 아닙니다.
      E:\Projects\ProgrammingStudy\ProgrammingStudy\ProgrammingStudy\predefined C++ types (compiler internal)(357,11):
      'std' 선언을 참조하십시오.
  
E:\Projects\ProgrammingStudy\ProgrammingStudy\ProgrammingStudy\DataStructure\Stack.cpp(35,15): error C3861: 'out_of_range': 식별자를 찾을 수 없습니다.
  VectorStackTemplate.cpp
  910. IO operator overloading.cpp
  911. Arithmetic Overloading.cpp
  912. Class Composition.cpp
  913. Friend Function.cpp
  914. Const Reference.cpp
  915.Chaining Member Functions.cpp
  916. Member Initializer List.cpp
  917. Constructors.cpp
  918. Encapsulation.cpp
  919. Object Slicing.cpp
  920. Polymorphism 1.cpp
  921. oop basic.cpp
  코드를 생성하고 있습니다...
  컴파일하고 있습니다...
  922. Command Line Arguments.cpp
  923. Recursive Function Call.cpp
  924. Vector Stack.cpp
  925. Stack and Heap.cpp
  926. Function Pointer.cpp
  927. Default Parameters.cpp
  928. Function Overloading.cpp
  929. Inline Function.cpp
  930. Return_by_special thing.cpp
  931. Return_by_smthing.cpp
  932. Call_by_smthing.cpp
  933. std_vector.cpp
  934. std_array.cpp
  935. Double Pointer Array.cpp
  936. Void Pointer.cpp
  937. Member Selection Operator.cpp
  938. Reference and Const.cpp
  939. Reference.cpp
  940. Pointer and Const.cpp
  941. Dynamic Allocating Arrays.cpp
  코드를 생성하고 있습니다...
  컴파일하고 있습니다...
  942. Dynamic Memory Allocation.cpp
  943. Pointer 5.cpp
  944. Pointer 4.cpp
  945. Pointer 3.cpp
  946. Pointer 2.cpp
  947. Pointer 1.cpp
  948. C_ArrayString.cpp
  949. Multi_dimensional Array.cpp
  950. Selection Sort.cpp
  951. Array 3.cpp
  952. Array 2.cpp
  953. Array 1.cpp
  954. cin_ignore_fail_clear.cpp
  955. RandNumGenerator.cpp
  956. For Reputation.cpp
  957. While.cpp
  958. Jump.cpp
  959. Swtich Case.cpp
  960. Conditional Branches.cpp
  961. BaseStruct.cpp
  코드를 생성하고 있습니다...
  컴파일하고 있습니다...
  962. Type Aliases.cpp
  963. Scoped Enumerations.cpp
  964. Enumerated Types.cpp
  965. String.cpp
  967. Type Conversion.cpp
  968. Variables.cpp
  969. BitFlag Quiz.cpp
  970. BitMask.cpp
  971. BitFlag.cpp
  972. Bistwidse Operator.cpp
  973. Logical Operator.cpp
  974. Relational Operator.cpp
  975. Conditional Operator.cpp
  976. Comma Operator.cpp
  977. floating point.cpp
  978. Char Type2.cpp
  979. Char Type.cpp
  980. practice.cpp
  981. HangManGame.cpp
  982. SameStrPosition.cpp
  코드를 생성하고 있습니다...
  컴파일하고 있습니다...
  983. EraseHypen.cpp
  984. WhereIsRome.cpp
E:\Projects\ProgrammingStudy\ProgrammingStudy\ProgrammingStudy\Practice\984. WhereIsRome.cpp(10,16): warning C4267: '초기화 중': 'size_t'에서 'int'(으)로 변환하면서 데이터가 손실될 수 있습니다.
  985. FuncSquare.cpp
  985. printfOverloading.cpp
  986. FuncSwap.cpp
  987. TicTacToe.cpp
  988. MultiplicationTable.cpp
  989. FindBiggestNum.cpp
  990. TestAverageArray.cpp
  991. MathmaticsForElementary.cpp
  992. FineNumber.cpp
  993. VowelConsonant.cpp
  994. multiplication.cpp
  995. WhileCondition.cpp
  996. DiceGame.cpp
  997. PrefixPostfix.cpp
  998. ChangeTemperature.cpp
  999. BuyCandy.cpp
  코드를 생성하고 있습니다...
